89101112131415
78910111213
67891011
56789
4567
345
23
1
