10 50 90 130 
20 60 100 140 
30 70 110 150 
40 80 120 160 
