100 25 10 -1
-100 -25 -10 1
50 75 0 -2
-50 -75 20 2
