5 25 45 65 
10 30 50 70 
15 35 55 75 
20 40 60 80 
