ana
amna
ramapura
nds
odvari
rihna
arada
ap 
ahnadi
avri
