1972-06-30, Fri
1972-07-01, Sat
1972-07-02, Sun
1972-07-03, Mon
1972-07-04, Tue
1972-07-05, Wed
1972-07-06, Thu
1972-07-07, Fri
1972-07-08, Sat
1972-07-09, Sun
1972-07-10, Mon
1972-07-11, Tue
1972-07-12, Wed
1972-07-13, Thu
1972-07-14, Fri
1972-07-15, Sat
1972-07-16, Sun
1972-07-17, Mon
1972-07-18, Tue
1972-07-19, Wed
1972-07-20, Thu
1972-07-21, Fri
1972-07-22, Sat
1972-07-23, Sun
1972-07-24, Mon
1972-07-25, Tue
1972-07-26, Wed
1972-07-27, Thu
1972-07-28, Fri
1972-07-29, Sat
1972-07-30, Sun
1972-07-31, Mon
1972-08-01, Tue
1972-08-02, Wed
1972-08-03, Thu
1972-08-04, Fri
1972-08-05, Sat
1972-08-06, Sun
1972-08-07, Mon
1972-08-08, Tue
1972-08-09, Wed
1972-08-10, Thu
1972-08-11, Fri
1972-08-12, Sat
1972-08-13, Sun
1972-08-14, Mon
1972-08-15, Tue
1972-08-16, Wed
1972-08-17, Thu
1972-08-18, Fri
1972-08-19, Sat
1972-08-20, Sun
1972-08-21, Mon
1972-08-22, Tue
1972-08-23, Wed
1972-08-24, Thu
1972-08-25, Fri
1972-08-26, Sat
1972-08-27, Sun
1972-08-28, Mon
1972-08-29, Tue
1972-08-30, Wed
1972-08-31, Thu
1972-09-01, Fri
1972-09-02, Sat
1972-09-03, Sun
1972-09-04, Mon
1972-09-05, Tue
1972-09-06, Wed
1972-09-07, Thu
1972-09-08, Fri
1972-09-09, Sat
1972-09-10, Sun
1972-09-11, Mon
1972-09-12, Tue
1972-09-13, Wed
1972-09-14, Thu
1972-09-15, Fri
1972-09-16, Sat
1972-09-17, Sun
1972-09-18, Mon
1972-09-19, Tue
1972-09-20, Wed
1972-09-21, Thu
1972-09-22, Fri
1972-09-23, Sat
1972-09-24, Sun
1972-09-25, Mon
1972-09-26, Tue
1972-09-27, Wed
1972-09-28, Thu
1972-09-29, Fri
1972-09-30, Sat
1972-10-01, Sun
1972-10-02, Mon
1972-10-03, Tue
1972-10-04, Wed
1972-10-05, Thu
1972-10-06, Fri
1972-10-07, Sat
