2025-09-22, Mon
2025-09-23, Tue
2025-09-24, Wed
2025-09-25, Thu
2025-09-26, Fri
2025-09-27, Sat
2025-09-28, Sun
2025-09-29, Mon
2025-09-30, Tue
2025-10-01, Wed
2025-10-02, Thu
2025-10-03, Fri
2025-10-04, Sat
2025-10-05, Sun
2025-10-06, Mon
2025-10-07, Tue
2025-10-08, Wed
2025-10-09, Thu
2025-10-10, Fri
2025-10-11, Sat
2025-10-12, Sun
2025-10-13, Mon
2025-10-14, Tue
2025-10-15, Wed
2025-10-16, Thu
2025-10-17, Fri
2025-10-18, Sat
2025-10-19, Sun
2025-10-20, Mon
2025-10-21, Tue
2025-10-22, Wed
2025-10-23, Thu
2025-10-24, Fri
2025-10-25, Sat
2025-10-26, Sun
2025-10-27, Mon
2025-10-28, Tue
2025-10-29, Wed
2025-10-30, Thu
2025-10-31, Fri
2025-11-01, Sat
2025-11-02, Sun
2025-11-03, Mon
2025-11-04, Tue
2025-11-05, Wed
2025-11-06, Thu
2025-11-07, Fri
2025-11-08, Sat
2025-11-09, Sun
2025-11-10, Mon
2025-11-11, Tue
2025-11-12, Wed
2025-11-13, Thu
2025-11-14, Fri
2025-11-15, Sat
2025-11-16, Sun
2025-11-17, Mon
2025-11-18, Tue
2025-11-19, Wed
2025-11-20, Thu
2025-11-21, Fri
2025-11-22, Sat
2025-11-23, Sun
2025-11-24, Mon
2025-11-25, Tue
2025-11-26, Wed
2025-11-27, Thu
2025-11-28, Fri
2025-11-29, Sat
2025-11-30, Sun
2025-12-01, Mon
2025-12-02, Tue
2025-12-03, Wed
2025-12-04, Thu
2025-12-05, Fri
2025-12-06, Sat
2025-12-07, Sun
2025-12-08, Mon
2025-12-09, Tue
2025-12-10, Wed
2025-12-11, Thu
2025-12-12, Fri
2025-12-13, Sat
2025-12-14, Sun
2025-12-15, Mon
2025-12-16, Tue
2025-12-17, Wed
2025-12-18, Thu
2025-12-19, Fri
2025-12-20, Sat
2025-12-21, Sun
2025-12-22, Mon
2025-12-23, Tue
2025-12-24, Wed
2025-12-25, Thu
2025-12-26, Fri
2025-12-27, Sat
2025-12-28, Sun
2025-12-29, Mon
2025-12-30, Tue
