1999-09-23, Thu
1999-09-24, Fri
1999-09-25, Sat
1999-09-26, Sun
1999-09-27, Mon
1999-09-28, Tue
1999-09-29, Wed
1999-09-30, Thu
1999-10-01, Fri
1999-10-02, Sat
1999-10-03, Sun
1999-10-04, Mon
1999-10-05, Tue
1999-10-06, Wed
1999-10-07, Thu
1999-10-08, Fri
1999-10-09, Sat
1999-10-10, Sun
1999-10-11, Mon
1999-10-12, Tue
1999-10-13, Wed
1999-10-14, Thu
1999-10-15, Fri
1999-10-16, Sat
1999-10-17, Sun
1999-10-18, Mon
1999-10-19, Tue
1999-10-20, Wed
1999-10-21, Thu
1999-10-22, Fri
1999-10-23, Sat
1999-10-24, Sun
1999-10-25, Mon
1999-10-26, Tue
1999-10-27, Wed
1999-10-28, Thu
1999-10-29, Fri
1999-10-30, Sat
1999-10-31, Sun
1999-11-01, Mon
1999-11-02, Tue
1999-11-03, Wed
1999-11-04, Thu
1999-11-05, Fri
1999-11-06, Sat
1999-11-07, Sun
1999-11-08, Mon
1999-11-09, Tue
1999-11-10, Wed
1999-11-11, Thu
1999-11-12, Fri
1999-11-13, Sat
1999-11-14, Sun
1999-11-15, Mon
1999-11-16, Tue
1999-11-17, Wed
1999-11-18, Thu
1999-11-19, Fri
1999-11-20, Sat
1999-11-21, Sun
1999-11-22, Mon
1999-11-23, Tue
1999-11-24, Wed
1999-11-25, Thu
1999-11-26, Fri
1999-11-27, Sat
1999-11-28, Sun
1999-11-29, Mon
1999-11-30, Tue
1999-12-01, Wed
1999-12-02, Thu
1999-12-03, Fri
1999-12-04, Sat
1999-12-05, Sun
1999-12-06, Mon
1999-12-07, Tue
1999-12-08, Wed
1999-12-09, Thu
1999-12-10, Fri
1999-12-11, Sat
1999-12-12, Sun
1999-12-13, Mon
1999-12-14, Tue
1999-12-15, Wed
1999-12-16, Thu
1999-12-17, Fri
1999-12-18, Sat
1999-12-19, Sun
1999-12-20, Mon
1999-12-21, Tue
1999-12-22, Wed
1999-12-23, Thu
1999-12-24, Fri
1999-12-25, Sat
1999-12-26, Sun
1999-12-27, Mon
1999-12-28, Tue
1999-12-29, Wed
1999-12-30, Thu
1999-12-31, Fri
