2023-10-15, Sun
2023-10-16, Mon
2023-10-17, Tue
2023-10-18, Wed
2023-10-19, Thu
2023-10-20, Fri
2023-10-21, Sat
2023-10-22, Sun
2023-10-23, Mon
2023-10-24, Tue
2023-10-25, Wed
2023-10-26, Thu
2023-10-27, Fri
2023-10-28, Sat
2023-10-29, Sun
2023-10-30, Mon
2023-10-31, Tue
2023-11-01, Wed
2023-11-02, Thu
2023-11-03, Fri
2023-11-04, Sat
2023-11-05, Sun
2023-11-06, Mon
2023-11-07, Tue
2023-11-08, Wed
2023-11-09, Thu
2023-11-10, Fri
2023-11-11, Sat
2023-11-12, Sun
2023-11-13, Mon
2023-11-14, Tue
2023-11-15, Wed
2023-11-16, Thu
2023-11-17, Fri
2023-11-18, Sat
2023-11-19, Sun
2023-11-20, Mon
2023-11-21, Tue
2023-11-22, Wed
2023-11-23, Thu
2023-11-24, Fri
2023-11-25, Sat
2023-11-26, Sun
2023-11-27, Mon
2023-11-28, Tue
2023-11-29, Wed
2023-11-30, Thu
2023-12-01, Fri
2023-12-02, Sat
2023-12-03, Sun
2023-12-04, Mon
2023-12-05, Tue
2023-12-06, Wed
2023-12-07, Thu
2023-12-08, Fri
2023-12-09, Sat
2023-12-10, Sun
2023-12-11, Mon
2023-12-12, Tue
2023-12-13, Wed
2023-12-14, Thu
2023-12-15, Fri
2023-12-16, Sat
2023-12-17, Sun
2023-12-18, Mon
2023-12-19, Tue
2023-12-20, Wed
2023-12-21, Thu
2023-12-22, Fri
2023-12-23, Sat
2023-12-24, Sun
2023-12-25, Mon
2023-12-26, Tue
2023-12-27, Wed
2023-12-28, Thu
2023-12-29, Fri
2023-12-30, Sat
2023-12-31, Sun
2024-01-01, Mon
2024-01-02, Tue
2024-01-03, Wed
2024-01-04, Thu
2024-01-05, Fri
2024-01-06, Sat
2024-01-07, Sun
2024-01-08, Mon
2024-01-09, Tue
2024-01-10, Wed
2024-01-11, Thu
2024-01-12, Fri
2024-01-13, Sat
2024-01-14, Sun
2024-01-15, Mon
2024-01-16, Tue
2024-01-17, Wed
2024-01-18, Thu
2024-01-19, Fri
2024-01-20, Sat
2024-01-21, Sun
2024-01-22, Mon
