1543-11-12, Fri
1543-11-13, Sat
1543-11-14, Sun
1543-11-15, Mon
1543-11-16, Tue
1543-11-17, Wed
1543-11-18, Thu
1543-11-19, Fri
1543-11-20, Sat
1543-11-21, Sun
1543-11-22, Mon
1543-11-23, Tue
1543-11-24, Wed
1543-11-25, Thu
1543-11-26, Fri
1543-11-27, Sat
1543-11-28, Sun
1543-11-29, Mon
1543-11-30, Tue
1543-12-01, Wed
1543-12-02, Thu
1543-12-03, Fri
1543-12-04, Sat
1543-12-05, Sun
1543-12-06, Mon
1543-12-07, Tue
1543-12-08, Wed
1543-12-09, Thu
1543-12-10, Fri
1543-12-11, Sat
1543-12-12, Sun
1543-12-13, Mon
1543-12-14, Tue
1543-12-15, Wed
1543-12-16, Thu
1543-12-17, Fri
1543-12-18, Sat
1543-12-19, Sun
1543-12-20, Mon
1543-12-21, Tue
1543-12-22, Wed
1543-12-23, Thu
1543-12-24, Fri
1543-12-25, Sat
1543-12-26, Sun
1543-12-27, Mon
1543-12-28, Tue
1543-12-29, Wed
1543-12-30, Thu
1543-12-31, Fri
1544-01-01, Sat
1544-01-02, Sun
1544-01-03, Mon
1544-01-04, Tue
1544-01-05, Wed
1544-01-06, Thu
1544-01-07, Fri
1544-01-08, Sat
1544-01-09, Sun
1544-01-10, Mon
1544-01-11, Tue
1544-01-12, Wed
1544-01-13, Thu
1544-01-14, Fri
1544-01-15, Sat
1544-01-16, Sun
1544-01-17, Mon
1544-01-18, Tue
1544-01-19, Wed
1544-01-20, Thu
1544-01-21, Fri
1544-01-22, Sat
1544-01-23, Sun
1544-01-24, Mon
1544-01-25, Tue
1544-01-26, Wed
1544-01-27, Thu
1544-01-28, Fri
1544-01-29, Sat
1544-01-30, Sun
1544-01-31, Mon
1544-02-01, Tue
1544-02-02, Wed
1544-02-03, Thu
1544-02-04, Fri
1544-02-05, Sat
1544-02-06, Sun
1544-02-07, Mon
1544-02-08, Tue
1544-02-09, Wed
1544-02-10, Thu
1544-02-11, Fri
1544-02-12, Sat
1544-02-13, Sun
1544-02-14, Mon
1544-02-15, Tue
1544-02-16, Wed
1544-02-17, Thu
1544-02-18, Fri
1544-02-19, Sat
