abl
ervan
ak
biisi
askent
stna
iskek
usanbe
slmaba
ewDelh
haa
atmand
hiphu
olmbo
