intein
ewon
ure
alleo
esa
awing
eyman
oh
arin
arday
