veest
2
anchenunga
hose
aklu
enli
onBlan
nnpurn
aterhon
uj
