2025-12-12, Fri
2025-12-13, Sat
2025-12-14, Sun
2025-12-15, Mon
2025-12-16, Tue
2025-12-17, Wed
2025-12-18, Thu
2025-12-19, Fri
2025-12-20, Sat
2025-12-21, Sun
2025-12-22, Mon
2025-12-23, Tue
2025-12-24, Wed
2025-12-25, Thu
2025-12-26, Fri
2025-12-27, Sat
2025-12-28, Sun
2025-12-29, Mon
2025-12-30, Tue
2025-12-31, Wed
2026-01-01, Thu
2026-01-02, Fri
2026-01-03, Sat
2026-01-04, Sun
2026-01-05, Mon
2026-01-06, Tue
2026-01-07, Wed
2026-01-08, Thu
2026-01-09, Fri
2026-01-10, Sat
2026-01-11, Sun
2026-01-12, Mon
2026-01-13, Tue
2026-01-14, Wed
2026-01-15, Thu
2026-01-16, Fri
2026-01-17, Sat
2026-01-18, Sun
2026-01-19, Mon
2026-01-20, Tue
2026-01-21, Wed
2026-01-22, Thu
2026-01-23, Fri
2026-01-24, Sat
2026-01-25, Sun
2026-01-26, Mon
2026-01-27, Tue
2026-01-28, Wed
2026-01-29, Thu
2026-01-30, Fri
2026-01-31, Sat
2026-02-01, Sun
2026-02-02, Mon
2026-02-03, Tue
2026-02-04, Wed
2026-02-05, Thu
2026-02-06, Fri
2026-02-07, Sat
2026-02-08, Sun
2026-02-09, Mon
2026-02-10, Tue
2026-02-11, Wed
2026-02-12, Thu
2026-02-13, Fri
2026-02-14, Sat
2026-02-15, Sun
2026-02-16, Mon
2026-02-17, Tue
2026-02-18, Wed
2026-02-19, Thu
2026-02-20, Fri
2026-02-21, Sat
2026-02-22, Sun
2026-02-23, Mon
2026-02-24, Tue
2026-02-25, Wed
2026-02-26, Thu
2026-02-27, Fri
2026-02-28, Sat
2026-03-01, Sun
2026-03-02, Mon
2026-03-03, Tue
2026-03-04, Wed
2026-03-05, Thu
2026-03-06, Fri
2026-03-07, Sat
2026-03-08, Sun
2026-03-09, Mon
2026-03-10, Tue
2026-03-11, Wed
2026-03-12, Thu
2026-03-13, Fri
2026-03-14, Sat
2026-03-15, Sun
2026-03-16, Mon
2026-03-17, Tue
2026-03-18, Wed
2026-03-19, Thu
2026-03-20, Fri
2026-03-21, Sat
