151617181920212223242526272829
1415161718192021222324252627
13141516171819202122232425
121314151617181920212223
1112131415161718192021
10111213141516171819
91011121314151617
89101112131415
78910111213
67891011
56789
4567
345
23
1
